../Drivers/STM32WBxx_HAL_Driver/Inc/stm32wbxx_ll_bus.h:364:22:LL_AHB1_GRP1_EnableClock	24	static
../Drivers/STM32WBxx_HAL_Driver/Inc/stm32wbxx_ll_bus.h:539:22:LL_AHB2_GRP1_EnableClock	24	static
../Core/Src/main.c:68:5:main	32	static
../Core/Src/main.c:128:6:SystemClock_Config	112	static
../Core/Src/main.c:176:6:PeriphCommonClock_Config	88	static
../Core/Src/main.c:200:13:MX_USART1_Init	8	static
../Core/Src/main.c:248:13:MX_DMA_Init	8	static
../Core/Src/main.c:277:13:MX_GPIO_Init	32	static
../Core/Src/main.c:327:6:Error_Handler	4	static,ignoring_inline_asm
