../Drivers/STM32WBxx_HAL_Driver/Inc/stm32wbxx_ll_rcc.h:2684:26:LL_RCC_GetUSARTClockSource	16	static
../Drivers/STM32WBxx_HAL_Driver/Src/stm32wbxx_hal_usart.c:275:19:HAL_USART_Init	16	static
../Drivers/STM32WBxx_HAL_Driver/Src/stm32wbxx_hal_usart.c:336:19:HAL_USART_DeInit	16	static
../Drivers/STM32WBxx_HAL_Driver/Src/stm32wbxx_hal_usart.c:379:13:HAL_USART_MspInit	16	static
../Drivers/STM32WBxx_HAL_Driver/Src/stm32wbxx_hal_usart.c:394:13:HAL_USART_MspDeInit	16	static
../Drivers/STM32WBxx_HAL_Driver/Src/stm32wbxx_hal_usart.c:749:19:HAL_USART_Transmit	48	static
../Drivers/STM32WBxx_HAL_Driver/Src/stm32wbxx_hal_usart.c:847:19:HAL_USART_Receive	48	static
../Drivers/STM32WBxx_HAL_Driver/Src/stm32wbxx_hal_usart.c:960:19:HAL_USART_TransmitReceive	64	static
../Drivers/STM32WBxx_HAL_Driver/Src/stm32wbxx_hal_usart.c:1108:19:HAL_USART_Transmit_IT	24	static
../Drivers/STM32WBxx_HAL_Driver/Src/stm32wbxx_hal_usart.c:1192:19:HAL_USART_Receive_IT	32	static
../Drivers/STM32WBxx_HAL_Driver/Src/stm32wbxx_hal_usart.c:1307:19:HAL_USART_TransmitReceive_IT	24	static
../Drivers/STM32WBxx_HAL_Driver/Src/stm32wbxx_hal_usart.c:1415:19:HAL_USART_Transmit_DMA	32	static
../Drivers/STM32WBxx_HAL_Driver/Src/stm32wbxx_hal_usart.c:1501:19:HAL_USART_Receive_DMA	32	static
../Drivers/STM32WBxx_HAL_Driver/Src/stm32wbxx_hal_usart.c:1622:19:HAL_USART_TransmitReceive_DMA	32	static
../Drivers/STM32WBxx_HAL_Driver/Src/stm32wbxx_hal_usart.c:1743:19:HAL_USART_DMAPause	24	static
../Drivers/STM32WBxx_HAL_Driver/Src/stm32wbxx_hal_usart.c:1790:19:HAL_USART_DMAResume	24	static
../Drivers/STM32WBxx_HAL_Driver/Src/stm32wbxx_hal_usart.c:1837:19:HAL_USART_DMAStop	16	static
../Drivers/STM32WBxx_HAL_Driver/Src/stm32wbxx_hal_usart.c:1903:19:HAL_USART_Abort	16	static
../Drivers/STM32WBxx_HAL_Driver/Src/stm32wbxx_hal_usart.c:2005:19:HAL_USART_Abort_IT	24	static
../Drivers/STM32WBxx_HAL_Driver/Src/stm32wbxx_hal_usart.c:2136:6:HAL_USART_IRQHandler	40	static
../Drivers/STM32WBxx_HAL_Driver/Src/stm32wbxx_hal_usart.c:2366:13:HAL_USART_TxCpltCallback	16	static
../Drivers/STM32WBxx_HAL_Driver/Src/stm32wbxx_hal_usart.c:2381:13:HAL_USART_TxHalfCpltCallback	16	static
../Drivers/STM32WBxx_HAL_Driver/Src/stm32wbxx_hal_usart.c:2396:13:HAL_USART_RxCpltCallback	16	static
../Drivers/STM32WBxx_HAL_Driver/Src/stm32wbxx_hal_usart.c:2411:13:HAL_USART_RxHalfCpltCallback	16	static
../Drivers/STM32WBxx_HAL_Driver/Src/stm32wbxx_hal_usart.c:2426:13:HAL_USART_TxRxCpltCallback	16	static
../Drivers/STM32WBxx_HAL_Driver/Src/stm32wbxx_hal_usart.c:2441:13:HAL_USART_ErrorCallback	16	static
../Drivers/STM32WBxx_HAL_Driver/Src/stm32wbxx_hal_usart.c:2456:13:HAL_USART_AbortCpltCallback	16	static
../Drivers/STM32WBxx_HAL_Driver/Src/stm32wbxx_hal_usart.c:2493:24:HAL_USART_GetState	16	static
../Drivers/STM32WBxx_HAL_Driver/Src/stm32wbxx_hal_usart.c:2504:10:HAL_USART_GetError	16	static
../Drivers/STM32WBxx_HAL_Driver/Src/stm32wbxx_hal_usart.c:2547:13:USART_EndTransfer	16	static
../Drivers/STM32WBxx_HAL_Driver/Src/stm32wbxx_hal_usart.c:2562:13:USART_DMATransmitCplt	24	static
../Drivers/STM32WBxx_HAL_Driver/Src/stm32wbxx_hal_usart.c:2602:13:USART_DMATxHalfCplt	24	static
../Drivers/STM32WBxx_HAL_Driver/Src/stm32wbxx_hal_usart.c:2620:13:USART_DMAReceiveCplt	24	static
../Drivers/STM32WBxx_HAL_Driver/Src/stm32wbxx_hal_usart.c:2695:13:USART_DMARxHalfCplt	24	static
../Drivers/STM32WBxx_HAL_Driver/Src/stm32wbxx_hal_usart.c:2713:13:USART_DMAError	24	static
../Drivers/STM32WBxx_HAL_Driver/Src/stm32wbxx_hal_usart.c:2739:13:USART_DMAAbortOnError	24	static
../Drivers/STM32WBxx_HAL_Driver/Src/stm32wbxx_hal_usart.c:2762:13:USART_DMATxAbortCallback	24	static
../Drivers/STM32WBxx_HAL_Driver/Src/stm32wbxx_hal_usart.c:2810:13:USART_DMARxAbortCallback	24	static
../Drivers/STM32WBxx_HAL_Driver/Src/stm32wbxx_hal_usart.c:2859:26:USART_WaitOnFlagUntilTimeout	24	static
../Drivers/STM32WBxx_HAL_Driver/Src/stm32wbxx_hal_usart.c:2887:26:USART_SetConfig	40	static
../Drivers/STM32WBxx_HAL_Driver/Src/stm32wbxx_hal_usart.c:2987:26:USART_CheckIdleState	32	static
../Drivers/STM32WBxx_HAL_Driver/Src/stm32wbxx_hal_usart.c:3037:13:USART_TxISR_8BIT	24	static
../Drivers/STM32WBxx_HAL_Driver/Src/stm32wbxx_hal_usart.c:3072:13:USART_TxISR_16BIT	24	static
../Drivers/STM32WBxx_HAL_Driver/Src/stm32wbxx_hal_usart.c:3108:13:USART_TxISR_8BIT_FIFOEN	24	static
../Drivers/STM32WBxx_HAL_Driver/Src/stm32wbxx_hal_usart.c:3153:13:USART_TxISR_16BIT_FIFOEN	24	static
../Drivers/STM32WBxx_HAL_Driver/Src/stm32wbxx_hal_usart.c:3196:13:USART_EndTransmit_IT	16	static
../Drivers/STM32WBxx_HAL_Driver/Src/stm32wbxx_hal_usart.c:3253:13:USART_RxISR_8BIT	24	static
../Drivers/STM32WBxx_HAL_Driver/Src/stm32wbxx_hal_usart.c:3341:13:USART_RxISR_16BIT	32	static
../Drivers/STM32WBxx_HAL_Driver/Src/stm32wbxx_hal_usart.c:3431:13:USART_RxISR_8BIT_FIFOEN	32	static
../Drivers/STM32WBxx_HAL_Driver/Src/stm32wbxx_hal_usart.c:3561:13:USART_RxISR_16BIT_FIFOEN	32	static
