../Drivers/STM32WBxx_HAL_Driver/Inc/stm32wbxx_ll_bus.h:364:22:LL_AHB1_GRP1_EnableClock	24	static
../Drivers/STM32WBxx_HAL_Driver/Inc/stm32wbxx_ll_bus.h:539:22:LL_AHB2_GRP1_EnableClock	24	static
../Core/Src/main.c:66:5:main	32	static
../Core/Src/main.c:122:6:SystemClock_Config	112	static
../Core/Src/main.c:170:6:PeriphCommonClock_Config	88	static
../Core/Src/main.c:194:13:MX_DMA_Init	8	static
../Core/Src/main.c:228:13:MX_GPIO_Init	32	static
../Core/Src/main.c:279:6:DMA_IT_GPIOLED	16	static
../Core/Src/main.c:289:6:Error_Handler	4	static,ignoring_inline_asm
