../../Drivers/STM32WBxx_HAL_Driver/Inc/stm32wbxx_ll_bus.h:539:22:LL_AHB2_GRP1_EnableClock	24	static
/Users/kooniee__/STM32CubeIDE/workspace_1.10.1/CDC_Standalone/Core/Src/main.c:68:5:main	8	static
/Users/kooniee__/STM32CubeIDE/workspace_1.10.1/CDC_Standalone/Core/Src/main.c:113:6:SystemClock_Config	112	static
/Users/kooniee__/STM32CubeIDE/workspace_1.10.1/CDC_Standalone/Core/Src/main.c:168:13:MX_USART1_UART_Init	8	static
/Users/kooniee__/STM32CubeIDE/workspace_1.10.1/CDC_Standalone/Core/Src/main.c:216:13:MX_GPIO_Init	8	static
/Users/kooniee__/STM32CubeIDE/workspace_1.10.1/CDC_Standalone/Core/Src/main.c:233:6:HAL_Delay	16	static
/Users/kooniee__/STM32CubeIDE/workspace_1.10.1/CDC_Standalone/Core/Src/main.c:249:6:Error_Handler	8	static
