/Users/kooniee__/STM32CubeIDE/workspace_1.10.1/CDC_Standalone/USB_Device/App/usbd_cdc_if.c:171:15:CDC_Init_FS	8	static
/Users/kooniee__/STM32CubeIDE/workspace_1.10.1/CDC_Standalone/USB_Device/App/usbd_cdc_if.c:218:15:CDC_DeInit_FS	8	static
/Users/kooniee__/STM32CubeIDE/workspace_1.10.1/CDC_Standalone/USB_Device/App/usbd_cdc_if.c:238:15:CDC_Control_FS	16	static
/Users/kooniee__/STM32CubeIDE/workspace_1.10.1/CDC_Standalone/USB_Device/App/usbd_cdc_if.c:316:15:CDC_Receive_FS	16	static
/Users/kooniee__/STM32CubeIDE/workspace_1.10.1/CDC_Standalone/USB_Device/App/usbd_cdc_if.c:335:9:CDC_Transmit_FS	24	static
/Users/kooniee__/STM32CubeIDE/workspace_1.10.1/CDC_Standalone/USB_Device/App/usbd_cdc_if.c:361:15:CDC_TransmitCplt_FS	32	static
/Users/kooniee__/STM32CubeIDE/workspace_1.10.1/CDC_Standalone/USB_Device/App/usbd_cdc_if.c:378:6:HAL_UART_TxCpltCallback	16	static
/Users/kooniee__/STM32CubeIDE/workspace_1.10.1/CDC_Standalone/USB_Device/App/usbd_cdc_if.c:391:13:ComPort_Config	8	static
/Users/kooniee__/STM32CubeIDE/workspace_1.10.1/CDC_Standalone/USB_Device/App/usbd_cdc_if.c:473:7:TIM_Config	8	static
/Users/kooniee__/STM32CubeIDE/workspace_1.10.1/CDC_Standalone/USB_Device/App/usbd_cdc_if.c:535:6:HAL_UART_ErrorCallback	16	static
/Users/kooniee__/STM32CubeIDE/workspace_1.10.1/CDC_Standalone/USB_Device/App/usbd_cdc_if.c:546:6:HAL_TIM_PeriodElapsedCallback	24	static
/Users/kooniee__/STM32CubeIDE/workspace_1.10.1/CDC_Standalone/USB_Device/App/usbd_cdc_if.c:581:6:HAL_UART_RxCpltCallback	16	static
